// Jest Snapshot v1, https://goo.gl/fbAQLP

exports[`<Page /> renders and matches snapshot 1`] = `
<div
  className="page"
>
  <div
    className="page__inner"
  >
    <h1
      className="page__title"
    >
      test
    </h1>
    <div
      className="page__body"
    >
      <Component />
    </div>
  </div>
</div>
`;
