// Jest Snapshot v1, https://goo.gl/fbAQLP

exports[`<Copyright /> renders and matches snapshot 1`] = `
<div
  className="copyright"
>
  test copyright
</div>
`;
