// Jest Snapshot v1, https://goo.gl/fbAQLP

exports[`<NotFoundTemplate /> renders and matches snapshot 1`] = `
<Layout
  description="Test subtitle"
  title="Not Found - Test title"
>
  <Sidebar />
  <Page
    title="NOT FOUND"
  >
    <p>
      You just hit a route that doesn't exist... the sadness.
    </p>
  </Page>
</Layout>
`;
